{
  "config": {
    "configFile": "/home/runner/work/PlaywrightTypeScript/PlaywrightTypeScript/playwright.config.ts",
    "rootDir": "/home/runner/work/PlaywrightTypeScript/PlaywrightTypeScript/tests",
    "forbidOnly": true,
    "fullyParallel": false,
    "globalSetup": null,
    "globalTeardown": null,
    "globalTimeout": 0,
    "grep": {},
    "grepInvert": null,
    "maxFailures": 0,
    "metadata": {
      "actualWorkers": 1
    },
    "preserveOutput": "always",
    "reporter": [
      [
        "html",
        null
      ],
      [
        "json",
        {
          "outputFile": "playwright-report/results.xml"
        }
      ]
    ],
    "reportSlowTests": {
      "max": 5,
      "threshold": 15000
    },
    "quiet": false,
    "projects": [
      {
        "outputDir": "/home/runner/work/PlaywrightTypeScript/PlaywrightTypeScript/test-results",
        "repeatEach": 1,
        "retries": 0,
        "id": "chromium",
        "name": "chromium",
        "testDir": "/home/runner/work/PlaywrightTypeScript/PlaywrightTypeScript/tests",
        "testIgnore": [],
        "testMatch": [
          "**/*.@(spec|test).?(c|m)[jt]s?(x)"
        ],
        "timeout": 30000
      }
    ],
    "shard": null,
    "updateSnapshots": "missing",
    "version": "1.39.0",
    "workers": 2,
    "webServer": null
  },
  "suites": [
    {
      "title": "web_test.spec.ts",
      "file": "web_test.spec.ts",
      "column": 0,
      "line": 0,
      "specs": [],
      "suites": [
        {
          "title": "Suite de testes Web - LoginPage",
          "file": "web_test.spec.ts",
          "line": 9,
          "column": 6,
          "specs": [
            {
              "title": "test login with successfully",
              "ok": true,
              "tags": [],
              "tests": [
                {
                  "timeout": 30000,
                  "annotations": [],
                  "expectedStatus": "passed",
                  "projectId": "chromium",
                  "projectName": "chromium",
                  "results": [
                    {
                      "workerIndex": 0,
                      "status": "passed",
                      "duration": 702,
                      "errors": [],
                      "stdout": [
                        {
                          "text": "test login with successfully\n"
                        }
                      ],
                      "stderr": [],
                      "retry": 0,
                      "startTime": "2024-05-12T02:58:53.626Z",
                      "attachments": []
                    }
                  ],
                  "status": "expected"
                }
              ],
              "id": "b52b1dae2fa924205122-c3e7006070e270825472",
              "file": "web_test.spec.ts",
              "line": 16,
              "column": 7
            }
          ]
        }
      ]
    }
  ],
  "errors": [],
  "stats": {
    "startTime": "2024-05-12T02:58:53.187Z",
    "duration": 1542.635
  }
}